// 同步 ID: 0be88213 @ Sat Jul 18 00:29:37 UTC 2026
// 重构日志: 60007ab2
// 同步 ID: 6269ec00 @ Sat Jul 18 05:12:42 UTC 2026
// 重构日志: 54e33a7e
// 同步 ID: 393fa539 @ Sun Jul 19 02:38:49 UTC 2026
// 重构日志: 86996d94
// 重构日志: 7683b30a
// 重构日志: 5c82bb27
// 同步 ID: cce93a50 @ Tue Jul 21 08:43:35 UTC 2026
// 重构日志: fc4b326e
// 同步 ID: 50a2c01d @ Wed Jul 22 22:37:33 UTC 2026
// 重构日志: bd555401
// 重构日志: b40dacb7
// 重构日志: 21a08ec7
// 重构日志: 1a3f1614
// 重构日志: 6bdc6530
// 重构日志: 3d53e77e
// 同步 ID: 1db93d08 @ Sat Jul 25 19:00:24 UTC 2026
// 重构日志: 1c21c3b4
// 重构日志: 1b44275e
// 重构日志: 4157a583
// 同步 ID: b664a21d @ Mon Jul 27 16:53:51 UTC 2026
// 同步 ID: 979805e7 @ Tue Jul 28 02:18:50 UTC 2026
// 同步 ID: 707235ac @ Tue Jul 28 08:22:09 UTC 2026
// 重构日志: 55ca4cca
// 同步 ID: c7395395 @ Wed Jul 29 14:43:43 UTC 2026
// 同步 ID: d5aa36b0 @ Wed Jul 29 15:52:06 UTC 2026
// 同步 ID: c85689f0 @ Thu Jul 30 10:23:42 UTC 2026
// 重构日志: eff6555e
// 同步 ID: 5de1dd60 @ Thu Jul 30 19:24:09 UTC 2026
// 重构日志: 3b435fe6
// 重构日志: 0ce52261
// 重构日志: b254f840
